danesp@LAPTOP-DGF0CJ8Q:~$ cd CSB/unix/sandbox/
danesp@LAPTOP-DGF0CJ8Q:~/CSB/unix/sandbox$ ## 2. What is the size of the file Marra2014_data.fasta?
danesp@LAPTOP-DGF0CJ8Q:~/CSB/unix/sandbox$ ls -lh ../data/Marra2014_data.fasta
-rw-r--r-- 1 danesp danesp 553K Nov  2 21:51 ../data/Marra2014_data.fasta
danesp@LAPTOP-DGF0CJ8Q:~/CSB/unix/sandbox$
danesp@LAPTOP-DGF0CJ8Q:~/CSB/unix/sandbox$ ## 3. Create a copy of Marra2014_data.fasta in the sandbox and name it
my_file.fasta.
my_file.fasta.: command not found
danesp@LAPTOP-DGF0CJ8Q:~/CSB/unix/sandbox$ cp ../data/Marra2014_data.fasta my_file.fasta
danesp@LAPTOP-DGF0CJ8Q:~/CSB/unix/sandbox$ ls
'Papers and reviews'   my_file.fasta
danesp@LAPTOP-DGF0CJ8Q:~/CSB/unix/sandbox$ 4. How many contigs are classified as isogroup00036?
4.: command not found
danesp@LAPTOP-DGF0CJ8Q:~/CSB/unix/sandbox$ grep --help
Usage: grep [OPTION]... PATTERNS [FILE]...
Search for PATTERNS in each FILE.
Example: grep -i 'hello world' menu.h main.c
PATTERNS can contain multiple patterns separated by newlines.

Pattern selection and interpretation:
  -E, --extended-regexp     PATTERNS are extended regular expressions
  -F, --fixed-strings       PATTERNS are strings
  -G, --basic-regexp        PATTERNS are basic regular expressions
  -P, --perl-regexp         PATTERNS are Perl regular expressions
  -e, --regexp=PATTERNS     use PATTERNS for matching
  -f, --file=FILE           take PATTERNS from FILE
  -i, --ignore-case         ignore case distinctions in patterns and data
      --no-ignore-case      do not ignore case distinctions (default)
  -w, --word-regexp         match only whole words
  -x, --line-regexp         match only whole lines
  -z, --null-data           a data line ends in 0 byte, not newline

Miscellaneous:
  -s, --no-messages         suppress error messages
  -v, --invert-match        select non-matching lines
  -V, --version             display version information and exit
      --help                display this help text and exit

Output control:
  -m, --max-count=NUM       stop after NUM selected lines
  -b, --byte-offset         print the byte offset with output lines
  -n, --line-number         print line number with output lines
      --line-buffered       flush output on every line
  -H, --with-filename       print file name with output lines
  -h, --no-filename         suppress the file name prefix on output
      --label=LABEL         use LABEL as the standard input file name prefix
  -o, --only-matching       show only nonempty parts of lines that match
  -q, --quiet, --silent     suppress all normal output
      --binary-files=TYPE   assume that binary files are TYPE;
                            TYPE is 'binary', 'text', or 'without-match'
  -a, --text                equivalent to --binary-files=text
  -I                        equivalent to --binary-files=without-match
  -d, --directories=ACTION  how to handle directories;
                            ACTION is 'read', 'recurse', or 'skip'
  -D, --devices=ACTION      how to handle devices, FIFOs and sockets;
                            ACTION is 'read' or 'skip'
  -r, --recursive           like --directories=recurse
  -R, --dereference-recursive  likewise, but follow all symlinks
      --include=GLOB        search only files that match GLOB (a file pattern)
      --exclude=GLOB        skip files that match GLOB
      --exclude-from=FILE   skip files that match any file pattern from FILE
      --exclude-dir=GLOB    skip directories that match GLOB
  -L, --files-without-match  print only names of FILEs with no selected lines
  -l, --files-with-matches  print only names of FILEs with selected lines
  -c, --count               print only a count of selected lines per FILE
  -T, --initial-tab         make tabs line up (if needed)
  -Z, --null                print 0 byte after FILE name

Context control:
  -B, --before-context=NUM  print NUM lines of leading context
  -A, --after-context=NUM   print NUM lines of trailing context
  -C, --context=NUM         print NUM lines of output context
  -NUM                      same as --context=NUM
      --group-separator=SEP  print SEP on line between matches with context
      --no-group-separator  do not print separator for matches with context
      --color[=WHEN],
      --colour[=WHEN]       use markers to highlight the matching strings;
                            WHEN is 'always', 'never', or 'auto'
  -U, --binary              do not strip CR characters at EOL (MSDOS/Windows)

When FILE is '-', read standard input.  With no FILE, read '.' if
recursive, '-' otherwise.  With fewer than two FILEs, assume -h.
Exit status is 0 if any line is selected, 1 otherwise;
if any error occurs and -q is not given, the exit status is 2.

Report bugs to: bug-grep@gnu.org
GNU grep home page: <https://www.gnu.org/software/grep/>
General help using GNU software: <https://www.gnu.org/gethelp/>
danesp@LAPTOP-DGF0CJ8Q:~/CSB/unix/sandbox$ grep -c isogroup00036 my_file.fasta
16
danesp@LAPTOP-DGF0CJ8Q:~/CSB/unix/sandbox$ #### 5. Replace the original “two-spaces” delimiter with a comma
danesp@LAPTOP-DGF0CJ8Q:~/CSB/unix/sandbox$ cat my_file.fasta | tr -s ' ' ',' | head -n 10
>contig00001,length=527,numreads=2,gene=isogroup00001,status=it_thresh
ATCCTAGCTACTCTGGAGACTGAGGATTGAAGTTCAAAGTCAGCTCAAGCAAGAGATTTG
TTTACAATTAACCCACAAAAGGCTGTTACTGAAGGTGTGGCTTAAGTGTCAGAGCAACAG
CTATGAGTGGAGGAATTTTCTATTACAATATAATTTCATCTCTGGTAAATTGACCAATTA
ACTGGAACTTTTTCCAACTGAAATAAATGGTAAACTTTTTATCCACCATTCTGCCATCTG
ACTCACAAAGACCCATGGGAATGGGTGATGAAATCCAACATGCTTCTTTGTAGCAAAAAT
AAATAAAATCCCCAGAAGGGTGAGGTAAATGGAAAACTCCAAACTCGCCCCTCAGGTGGG
TGTAATTTACCCAAGTCTGAGAGGAGGCAGAGTTTTTCCCAATGGACTTTGGTTAAGTGA
GATATGCTGGTCTGTAGAAGGAGGGAGTTCTAGGAAAACAGACACTTAAGTAGGGCCGAA
CTAAAAATTGTATCAGTCAGATCTTCATGTGAAGTCCTGTGTGCCCA
danesp@LAPTOP-DGF0CJ8Q:~/CSB/unix/sandbox$ ## 6. How many unique isogroups are in the file?
danesp@LAPTOP-DGF0CJ8Q:~/CSB/unix/sandbox$ grep '>' my_file.fasta | cut -d ',' -f 4 | sort| uniq | wc -l
955
danesp@LAPTOP-DGF0CJ8Q:~/CSB/unix/sandbox$ ## 7. Which contig has the highest number of rea
ds (numreads)? How many reads does it have?
danesp@LAPTOP-DGF0CJ8Q:~/CSB/unix/sandbox$ grep '>' my_file.fasta | cut -d ',' -f 1,3 | sort -t '=' -k 2 -n -r | head -n 1
>contig01115  length=6087  numreads=185  gene=isogroup00030  status=isotig
danesp@LAPTOP-DGF0CJ8Q:~/CSB/unix/sandbox$
